18:42:10,194 ERROR Datenbankeintrag:341 - ERROR_HIGH - Verbindung fehlgeschlagen

	Occurred in: Datenbankeintrag.java:20:verbindeMitDB

	 Stack:
		Datenbankeintrag.verbindeMitDB(Datenbankeintrag.java:20)
		MyGuiTestRunner$6.actionPerformed(MyGuiTestRunner.java:246)
		javax.swing.AbstractButton.fireActionPerformed(Unknown Source)
		javax.swing.AbstractButton$Handler.actionPerformed(Unknown Source)
		javax.swing.DefaultButtonModel.fireActionPerformed(Unknown Source)
		javax.swing.DefaultButtonModel.setPressed(Unknown Source)
		javax.swing.plaf.basic.BasicButtonListener.mouseReleased(Unknown Source)
		java.awt.Component.processMouseEvent(Unknown Source)
		javax.swing.JComponent.processMouseEvent(Unknown Source)
		java.awt.Component.processEvent(Unknown Source)
		java.awt.Container.processEvent(Unknown Source)
		java.awt.Component.dispatchEventImpl(Unknown Source)
		java.awt.Container.dispatchEventImpl(Unknown Source)
		java.awt.Component.dispatchEvent(Unknown Source)
		java.awt.LightweightDispatcher.retargetMouseEvent(Unknown Source)
		java.awt.LightweightDispatcher.processMouseEvent(Unknown Source)
		java.awt.LightweightDispatcher.dispatchEvent(Unknown Source)
		java.awt.Container.dispatchEventImpl(Unknown Source)
		java.awt.Window.dispatchEventImpl(Unknown Source)
		java.awt.Component.dispatchEvent(Unknown Source)
		java.awt.EventQueue.dispatchEventImpl(Unknown Source)
		java.awt.EventQueue.access$500(Unknown Source)
		java.awt.EventQueue$3.run(Unknown Source)
		java.awt.EventQueue$3.run(Unknown Source)
		java.security.AccessController.doPrivileged(Native Method)
		java.security.ProtectionDomain$JavaSecurityAccessImpl.doIntersectionPrivilege(Unknown Source)
		java.security.ProtectionDomain$JavaSecurityAccessImpl.doIntersectionPrivilege(Unknown Source)
		java.awt.EventQueue$4.run(Unknown Source)
		java.awt.EventQueue$4.run(Unknown Source)
		java.security.AccessController.doPrivileged(Native Method)
		java.security.ProtectionDomain$JavaSecurityAccessImpl.doIntersectionPrivilege(Unknown Source)
		java.awt.EventQueue.dispatchEvent(Unknown Source)
		java.awt.EventDispatchThread.pumpOneEventForFilters(Unknown Source)
		java.awt.EventDispatchThread.pumpEventsForFilter(Unknown Source)
		java.awt.EventDispatchThread.pumpEventsForHierarchy(Unknown Source)
		java.awt.EventDispatchThread.pumpEvents(Unknown Source)
		java.awt.EventDispatchThread.pumpEvents(Unknown Source)
		java.awt.EventDispatchThread.run(Unknown Source)

16:08:00,477 ERROR Datenbankeintrag:341 - ERROR_HIGH - Verbindung fehlgeschlagen

	Occurred in: Datenbankeintrag.java:20:verbindeMitDB

	 Stack:
		Datenbankeintrag.verbindeMitDB(Datenbankeintrag.java:20)
		MyGuiTestRunner$6.actionPerformed(MyGuiTestRunner.java:274)
		java.desktop/javax.swing.AbstractButton.fireActionPerformed(AbstractButton.java:1967)
		java.desktop/javax.swing.AbstractButton$Handler.actionPerformed(AbstractButton.java:2308)
		java.desktop/javax.swing.DefaultButtonModel.fireActionPerformed(DefaultButtonModel.java:405)
		java.desktop/javax.swing.DefaultButtonModel.setPressed(DefaultButtonModel.java:262)
		java.desktop/javax.swing.plaf.basic.BasicButtonListener.mouseReleased(BasicButtonListener.java:279)
		java.desktop/java.awt.Component.processMouseEvent(Component.java:6614)
		java.desktop/javax.swing.JComponent.processMouseEvent(JComponent.java:3342)
		java.desktop/java.awt.Component.processEvent(Component.java:6379)
		java.desktop/java.awt.Container.processEvent(Container.java:2263)
		java.desktop/java.awt.Component.dispatchEventImpl(Component.java:4990)
		java.desktop/java.awt.Container.dispatchEventImpl(Container.java:2321)
		java.desktop/java.awt.Component.dispatchEvent(Component.java:4822)
		java.desktop/java.awt.LightweightDispatcher.retargetMouseEvent(Container.java:4919)
		java.desktop/java.awt.LightweightDispatcher.processMouseEvent(Container.java:4548)
		java.desktop/java.awt.LightweightDispatcher.dispatchEvent(Container.java:4489)
		java.desktop/java.awt.Container.dispatchEventImpl(Container.java:2307)
		java.desktop/java.awt.Window.dispatchEventImpl(Window.java:2769)
		java.desktop/java.awt.Component.dispatchEvent(Component.java:4822)
		java.desktop/java.awt.EventQueue.dispatchEventImpl(EventQueue.java:772)
		java.desktop/java.awt.EventQueue$4.run(EventQueue.java:721)
		java.desktop/java.awt.EventQueue$4.run(EventQueue.java:715)
		java.base/java.security.AccessController.doPrivileged(AccessController.java:391)
		java.base/java.security.ProtectionDomain$JavaSecurityAccessImpl.doIntersectionPrivilege(ProtectionDomain.java:85)
		java.base/java.security.ProtectionDomain$JavaSecurityAccessImpl.doIntersectionPrivilege(ProtectionDomain.java:95)
		java.desktop/java.awt.EventQueue$5.run(EventQueue.java:745)
		java.desktop/java.awt.EventQueue$5.run(EventQueue.java:743)
		java.base/java.security.AccessController.doPrivileged(AccessController.java:391)
		java.base/java.security.ProtectionDomain$JavaSecurityAccessImpl.doIntersectionPrivilege(ProtectionDomain.java:85)
		java.desktop/java.awt.EventQueue.dispatchEvent(EventQueue.java:742)
		java.desktop/java.awt.EventDispatchThread.pumpOneEventForFilters(EventDispatchThread.java:203)
		java.desktop/java.awt.EventDispatchThread.pumpEventsForFilter(EventDispatchThread.java:124)
		java.desktop/java.awt.EventDispatchThread.pumpEventsForHierarchy(EventDispatchThread.java:113)
		java.desktop/java.awt.EventDispatchThread.pumpEvents(EventDispatchThread.java:109)
		java.desktop/java.awt.EventDispatchThread.pumpEvents(EventDispatchThread.java:101)
		java.desktop/java.awt.EventDispatchThread.run(EventDispatchThread.java:90)

